--------------------------------------------------
Timestamp: Fri May 22 06:54:19 PM IST 2026
CPU Usage: %
RAM Usage: 4550/15352 MB (29.64%)
Disk Usage: 5%
Flask Status: STOPPED
--------------------------------------------------
Timestamp: Fri May 22 06:54:31 PM IST 2026
CPU Usage: %
RAM Usage: 4372/15352 MB (28.48%)
Disk Usage: 5%
Flask Status: STOPPED
--------------------------------------------------
Timestamp: Fri May 22 07:35:10 PM IST 2026
CPU Usage: %
RAM Usage: 5491/15352 MB (35.77%)
Disk Usage: 5%
Flask Status: RUNNING
--------------------------------------------------
Timestamp: Fri Jun  5 12:40:14 PM IST 2026
CPU Usage: 1.4%
RAM Usage: 4440/15352 MB (28.92%)
Disk Usage: 6%
Flask Status: STOPPED
--------------------------------------------------
Timestamp: Fri Jun  5 12:41:03 PM IST 2026
CPU Usage: 2.2%
RAM Usage: 4832/15352 MB (31.47%)
Disk Usage: 6%
--------------------------------------------------
Timestamp: Fri Jun  5 12:45:14 PM IST 2026
CPU Usage: 8.4%
RAM Usage: 5498/15352 MB (35.81%)
Disk Usage: 6%
Flask Status: RUNNING
--------------------------------------------------
Timestamp: Fri Jun  5 01:09:52 PM IST 2026
CPU Usage: 2.0%
RAM Usage: 5403/15352 MB (35.19%)
Disk Usage: 6%
Flask Status: RUNNING
